[backblue.gif]
[fade.gif]
[index.html]
[mobirisesite/838235/assets/images/photo-1707079917874-e46659cd9f96.jpg]
[mobirisesite/838235/assets/web/assets/mobirise-icons2/mobirise2b07f.css]
[mobirisesite/838235/assets/bootstrap/css/bootstrap.minb07f.css]
[mobirisesite/838235/assets/bootstrap/css/bootstrap-grid.minb07f.css]
[mobirisesite/838235/assets/bootstrap/css/bootstrap-reboot.minb07f.css]
[mobirisesite/838235/assets/parallax/jarallaxb07f.css]
[mobirisesite/838235/assets/dropdown/css/styleb07f.css]
[mobirisesite/838235/assets/socicon/css/stylesb07f.css]
[mobirisesite/838235/assets/theme/css/styleb07f.css]
[mobirisesite/838235/assets/css/mbr-additionalb07f.css]
[mobirisesite/838235/assets/images/photo-1707079917756-c8decac2bb02.jpg]
[mobirisesite/838235/assets/images/photo-1706643568695-2e0720f87881.jpg]
[mobirisesite/838235/assets/images/photo-1706639449579-b28503bf026d.jpg]
[mobirisesite/838235/assets/images/photo-1707079345966-2c67325cdedb.jpg]
[mobirisesite/838235/assets/images/photo-1706639449742-60d117e5c226.jpg]
[mobirisesite/838235/assets/images/photo-1707386821627-2d81917c456b.jpg]
[mobirisesite/838235/assets/images/photo-1707862158953-bc877eb81d6e.jpg]
[mobirisesite/838235/assets/images/photo-1707943768505-4929899ac0b7.jpg]
[mobirisesite/838235/assets/images/photo-1706643568111-bfe4436cf246.jpg]
[mobirisesite/838235/assets/images/photo-1706639447765-8ece81a63f2e.jpg]
[mobirisesite/838235/assets/web/assets/jquery/jquery.minb07f.js]
[mobirisesite/838235/assets/bootstrap/js/bootstrap.bundle.minb07f.js]
[mobirisesite/838235/assets/parallax/jarallaxb07f.js]
[mobirisesite/838235/assets/smoothscroll/smooth-scrollb07f.js]
[mobirisesite/838235/assets/ytplayer/indexb07f.js]
[mobirisesite/838235/assets/dropdown/js/navbar-dropdownb07f.js]
[mobirisesite/838235/assets/vimeoplayer/playerb07f.js]
[mobirisesite/838235/assets/scrollgallery/scroll-galleryb07f.js]
[mobirisesite/838235/assets/mbr-switch-arrow/mbr-switch-arrowb07f.js]
[mobirisesite/838235/assets/theme/js/scriptb07f.js]
[mobirisesite/838235/assets/formoid/formoid.minb07f.js]
[pathovision.mobirisesite.com/index.html]
[fonts.googleapis.com/css27920.css]
[mobirisesite/838235/assets/images/photo-1707079917756-c8decac2bb02.jpg]
[mobirisesite/838235/assets/images/photo-1706643568695-2e0720f87881.jpg]
[mobirisesite/838235/assets/images/photo-1706639449579-b28503bf026d.jpg]
[mobirisesite/838235/assets/images/photo-1707079345966-2c67325cdedb.jpg]
[mobirisesite/838235/assets/images/photo-1706639449742-60d117e5c226.jpg]
[mobirisesite/838235/assets/images/photo-1707386821627-2d81917c456b.jpg]
[mobirisesite/838235/assets/images/photo-1707862158953-bc877eb81d6e.jpg]
[mobirisesite/838235/assets/web/assets/mobirise-icons2/mobirise21e04.eot]
[mobirisesite/838235/assets/images/photo-1707943768505-4929899ac0b7.jpg]
[mobirisesite/838235/assets/images/photo-1706643568111-bfe4436cf246.jpg]
[mobirisesite/838235/assets/images/photo-1706639447765-8ece81a63f2e.jpg]
[mobirisesite/838235/assets/web/assets/mobirise-icons2/mobirise21e04.ttf]
[mobirisesite/838235/assets/web/assets/jquery/jquery.minb07f.js]
[mobirisesite/838235/assets/bootstrap/js/bootstrap.bundle.minb07f.js]
[mobirisesite/838235/assets/parallax/jarallaxb07f.js]
[mobirisesite/838235/assets/smoothscroll/smooth-scrollb07f.js]
[mobirisesite/838235/assets/ytplayer/indexb07f.js]
[mobirisesite/838235/assets/dropdown/js/navbar-dropdownb07f.js]
[mobirisesite/838235/assets/vimeoplayer/playerb07f.js]
[mobirisesite/838235/assets/scrollgallery/scroll-galleryb07f.js]
[mobirisesite/838235/assets/web/assets/mobirise-icons2/mobirise21e04.woff]
[mobirisesite/838235/assets/mbr-switch-arrow/mbr-switch-arrowb07f.js]
[mobirisesite/838235/assets/formoid/formoid.minb07f.js]
[mobirisesite/838235/assets/theme/js/scriptb07f.js]
[mobirisesite/838235/assets/web/assets/mobirise-icons2/mobirise2b07f.css]
[mobirisesite/838235/assets/web/assets/mobirise-icons2/mobirise21e04.eot]
[mobirisesite/838235/assets/web/assets/mobirise-icons2/mobirise21e04.ttf]
[mobirisesite/838235/assets/web/assets/mobirise-icons2/mobirise21e04.svg]
[mobirisesite/838235/assets/web/assets/mobirise-icons2/mobirise21e04.woff]
[mobirisesite/838235/assets/bootstrap/css/bootstrap.minb07f.css]
[mobirisesite/838235/assets/bootstrap/css/bootstrap-grid.minb07f.css]
[mobirisesite/838235/assets/bootstrap/css/bootstrap-reboot.minb07f.css]
[mobirisesite/838235/assets/parallax/jarallaxb07f.css]
[mobirisesite/838235/assets/dropdown/css/styleb07f.css]
[mobirisesite/838235/assets/socicon/css/stylesb07f.css]
[mobirisesite/838235/assets/theme/css/styleb07f.css]
[mobirisesite/838235/assets/socicon/fonts/socicon.svg]
[mobirisesite/838235/assets/images/photo-1706643568190-14de15535f27.jpg]
[mobirisesite/838235/assets/images/photo-1706643568190-14de15535f27.jpg]
[mobirisesite/838235/assets/images/background1c1fb.jpg]
[mobirisesite/838235/assets/css/mbr-additionalb07f.css]
[mobirisesite/838235/assets/images/photo-1706638794486-678a4b9bde71.jpg]
[mobirisesite/838235/assets/web/assets/mobirise-icons2/mobirise21e04.svg]
[mobirisesite/838235/assets/socicon/fonts/socicon.svg]
